<?xml version="1.0" encoding="utf-8"?><testsuites><testsuite name="pytest" errors="0" failures="3" skipped="0" tests="156" time="34.979" timestamp="2025-03-09T06:30:15.181699" hostname="DESKTOP-A3ARG1U"><testcase classname="tests.unit.core.test_game_loop" name="test_game_loop_config" file="tests\unit\core\test_game_loop.py" line="9" time="0.777" /><testcase classname="tests.unit.core.test_game_loop" name="test_game_loop_custom_config" file="tests\unit\core\test_game_loop.py" line="17" time="0.176" /><testcase classname="tests.unit.core.test_game_loop" name="test_game_loop_single_frame" file="tests\unit\core\test_game_loop.py" line="25" time="0.181" /><testcase classname="tests.unit.core.test_game_loop" name="test_game_loop_metrics" file="tests\unit\core\test_game_loop.py" line="47" time="0.351" /><testcase classname="tests.unit.core.test_game_loop" name="test_game_loop_stop" file="tests\unit\core\test_game_loop.py" line="70" time="0.178" /><testcase classname="tests.unit.core.test_game_loop" name="test_game_loop_invalid_fps" file="tests\unit\core\test_game_loop.py" line="94" time="0.177" /><testcase classname="tests.unit.core.test_input" name="test_input_manager_initialization" file="tests\unit\core\test_input.py" line="10" time="0.190" /><testcase classname="tests.unit.core.test_input" name="test_action_registration" file="tests\unit\core\test_input.py" line="20" time="0.171" /><testcase classname="tests.unit.core.test_input" name="test_key_binding" file="tests\unit\core\test_input.py" line="38" time="0.183" /><testcase classname="tests.unit.core.test_input" name="test_input_state" file="tests\unit\core\test_input.py" line="57" time="0.196"><failure message="AssertionError: assert not True&#10; +  where True = &lt;bound method InputManager.is_released of &lt;src.core.input.InputManager object at 0x000002A94D905DC0&gt;&gt;('JUMP')&#10; +    where &lt;bound method InputManager.is_released of &lt;src.core.input.InputManager object at 0x000002A94D905DC0&gt;&gt; = &lt;src.core.input.InputManager object at 0x000002A94D905DC0&gt;.is_released">def test_input_state() -&gt; None:
        """Test input state tracking."""
        manager = InputManager()
        manager.register_action("JUMP")
        manager.bind_key("JUMP", pygame.K_SPACE)

        # Test key press
        event = pygame.event.Event(pygame.KEYDOWN, {"key": pygame.K_SPACE})
        manager.process_event(event)
        manager.update()

        assert manager.is_pressed("JUMP")
        assert manager.is_held("JUMP")
        assert not manager.is_released("JUMP")

        # Test key release
        event = pygame.event.Event(pygame.KEYUP, {"key": pygame.K_SPACE})
        manager.process_event(event)
        manager.update()

        assert not manager.is_pressed("JUMP")
        assert not manager.is_held("JUMP")
&gt;       assert not manager.is_released("JUMP")
E       AssertionError: assert not True
E        +  where True = &lt;bound method InputManager.is_released of &lt;src.core.input.InputManager object at 0x000002A94D905DC0&gt;&gt;('JUMP')
E        +    where &lt;bound method InputManager.is_released of &lt;src.core.input.InputManager object at 0x000002A94D905DC0&gt;&gt; = &lt;src.core.input.InputManager object at 0x000002A94D905DC0&gt;.is_released

tests\unit\core\test_input.py:80: AssertionError</failure></testcase><testcase classname="tests.unit.core.test_input" name="test_input_buffering" file="tests\unit\core\test_input.py" line="82" time="0.195" /><testcase classname="tests.unit.core.test_input" name="test_action_mapping" file="tests\unit\core\test_input.py" line="102" time="0.173" /><testcase classname="tests.unit.core.test_input" name="test_binding_management" file="tests\unit\core\test_input.py" line="123" time="0.180" /><testcase classname="tests.unit.core.test_input" name="test_multiple_key_bindings" file="tests\unit\core\test_input.py" line="141" time="0.195" /><testcase classname="tests.unit.core.test_input" name="test_simultaneous_keys" file="tests\unit\core\test_input.py" line="164" time="0.185" /><testcase classname="tests.unit.core.test_input" name="test_buffer_timing_precision" file="tests\unit\core\test_input.py" line="193" time="0.178" /><testcase classname="tests.unit.core.test_input" name="test_action_state_transitions" file="tests\unit\core\test_input.py" line="215" time="0.194"><failure message="AssertionError: assert not True&#10; +  where True = &lt;bound method InputManager.is_pressed of &lt;src.core.input.InputManager object at 0x000002A94EDC8F80&gt;&gt;('TEST')&#10; +    where &lt;bound method InputManager.is_pressed of &lt;src.core.input.InputManager object at 0x000002A94EDC8F80&gt;&gt; = &lt;src.core.input.InputManager object at 0x000002A94EDC8F80&gt;.is_pressed">def test_action_state_transitions() -&gt; None:
        """Test all possible state transitions for an action."""
        input_manager = InputManager()
        input_manager.register_action("TEST")
        input_manager.bind_key("TEST", pygame.K_a)

        # Initial state
        assert not input_manager.is_pressed("TEST")
        assert not input_manager.is_held("TEST")
        assert not input_manager.is_released("TEST")

        # Press -&gt; should be PRESSED
        event = pygame.event.Event(pygame.KEYDOWN, {"key": pygame.K_a})
        input_manager.process_event(event)
        assert input_manager.is_pressed("TEST")
        assert input_manager.is_held("TEST")

        # Update -&gt; should transition to HELD
        input_manager.update()
&gt;       assert not input_manager.is_pressed("TEST")
E       AssertionError: assert not True
E        +  where True = &lt;bound method InputManager.is_pressed of &lt;src.core.input.InputManager object at 0x000002A94EDC8F80&gt;&gt;('TEST')
E        +    where &lt;bound method InputManager.is_pressed of &lt;src.core.input.InputManager object at 0x000002A94EDC8F80&gt;&gt; = &lt;src.core.input.InputManager object at 0x000002A94EDC8F80&gt;.is_pressed

tests\unit\core\test_input.py:235: AssertionError</failure></testcase><testcase classname="tests.unit.core.test_physics" name="test_vector_operations" file="tests\unit\core\test_physics.py" line="6" time="0.198" /><testcase classname="tests.unit.core.test_physics" name="test_vector_magnitude" file="tests\unit\core\test_physics.py" line="36" time="0.210" /><testcase classname="tests.unit.core.test_physics" name="test_vector_normalize" file="tests\unit\core\test_physics.py" line="42" time="0.215" /><testcase classname="tests.unit.core.test_physics" name="test_vector_clamp" file="tests\unit\core\test_physics.py" line="55" time="0.213" /><testcase classname="tests.unit.core.test_physics" name="test_physics_config" file="tests\unit\core\test_physics.py" line="68" time="0.206" /><testcase classname="tests.unit.core.test_physics" name="test_physics_state" file="tests\unit\core\test_physics.py" line="78" time="0.221" /><testcase classname="tests.unit.core.test_physics" name="test_physics_body_initialization" file="tests\unit\core\test_physics.py" line="90" time="0.213" /><testcase classname="tests.unit.core.test_physics" name="test_physics_apply_force" file="tests\unit\core\test_physics.py" line="98" time="0.203" /><testcase classname="tests.unit.core.test_physics" name="test_physics_set_velocity" file="tests\unit\core\test_physics.py" line="107" time="0.210" /><testcase classname="tests.unit.core.test_physics" name="test_physics_update" file="tests\unit\core\test_physics.py" line="123" time="0.212" /><testcase classname="tests.unit.core.test_physics" name="test_physics_collision" file="tests\unit\core\test_physics.py" line="142" time="0.211" /><testcase classname="tests.unit.core.test_physics" name="test_physics_integration" file="tests\unit\core\test_physics.py" line="167" time="0.238" /><testcase classname="tests.unit.core.test_scene" name="test_scene_initialization" file="tests\unit\core\test_scene.py" line="7" time="0.365" /><testcase classname="tests.unit.core.test_scene" name="test_scene_lifecycle" file="tests\unit\core\test_scene.py" line="17" time="0.363" /><testcase classname="tests.unit.core.test_scene" name="test_scene_environment_variables" file="tests\unit\core\test_scene.py" line="41" time="0.399" /><testcase classname="tests.unit.core.test_scene" name="test_scene_update" file="tests\unit\core\test_scene.py" line="57" time="0.287" /><testcase classname="tests.unit.core.test_scene" name="test_scene_world_management" file="tests\unit\core\test_scene.py" line="75" time="0.226" /><testcase classname="tests.unit.core.test_scene_manager" name="test_scene_registration" file="tests\unit\core\test_scene_manager.py" line="35" time="0.211" /><testcase classname="tests.unit.core.test_scene_manager" name="test_scene_stack_operations" file="tests\unit\core\test_scene_manager.py" line="54" time="0.204" /><testcase classname="tests.unit.core.test_scene_manager" name="test_scene_stack_pop" file="tests\unit\core\test_scene_manager.py" line="72" time="0.212" /><testcase classname="tests.unit.core.test_scene_manager" name="test_scene_switching" file="tests\unit\core\test_scene_manager.py" line="90" time="0.210" /><testcase classname="tests.unit.core.test_scene_manager" name="test_scene_update" file="tests\unit\core\test_scene_manager.py" line="113" time="0.219" /><testcase classname="tests.unit.core.test_scene_manager" name="test_scene_manager_clear" file="tests\unit\core\test_scene_manager.py" line="125" time="0.201" /><testcase classname="tests.unit.core.test_sprite" name="test_sprite_frame" file="tests\unit\core\test_sprite.py" line="18" time="0.203" /><testcase classname="tests.unit.core.test_sprite" name="test_sprite_config" file="tests\unit\core\test_sprite.py" line="27" time="0.201" /><testcase classname="tests.unit.core.test_sprite" name="test_sprite_sheet_initialization" file="tests\unit\core\test_sprite.py" line="64" time="0.197" /><testcase classname="tests.unit.core.test_sprite" name="test_sprite_sheet_add_frame" file="tests\unit\core\test_sprite.py" line="81" time="0.199" /><testcase classname="tests.unit.core.test_sprite" name="test_sprite_sheet_add_frames_grid" file="tests\unit\core\test_sprite.py" line="116" time="0.213" /><testcase classname="tests.unit.core.test_sprite" name="test_sprite_sheet_invalid_frames" file="tests\unit\core\test_sprite.py" line="166" time="0.212" /><testcase classname="tests.unit.core.test_sprite" name="test_sprite_initialization" file="tests\unit\core\test_sprite.py" line="189" time="0.202" /><testcase classname="tests.unit.core.test_sprite" name="test_sprite_set_frame" file="tests\unit\core\test_sprite.py" line="211" time="0.226" /><testcase classname="tests.unit.core.test_sprite" name="test_sprite_draw" file="tests\unit\core\test_sprite.py" line="236" time="0.232" /><testcase classname="tests.unit.core.test_sprite_renderer" name="test_sprite_renderer_initialization" file="tests\unit\core\test_sprite_renderer.py" line="36" time="0.219" /><testcase classname="tests.unit.core.test_sprite_renderer" name="test_add_sprite" file="tests\unit\core\test_sprite_renderer.py" line="42" time="0.218" /><testcase classname="tests.unit.core.test_sprite_renderer" name="test_remove_sprite" file="tests\unit\core\test_sprite_renderer.py" line="79" time="0.219" /><testcase classname="tests.unit.core.test_sprite_renderer" name="test_clear_sprites" file="tests\unit\core\test_sprite_renderer.py" line="120" time="0.224" /><testcase classname="tests.unit.core.test_sprite_renderer" name="test_render_z_order" file="tests\unit\core\test_sprite_renderer.py" line="152" time="0.213" /><testcase classname="tests.unit.core.test_sprite_renderer" name="test_render_empty" file="tests\unit\core\test_sprite_renderer.py" line="206" time="0.229" /><testcase classname="tests.unit.core.test_sprite_renderer" name="test_render_sprite_transformations" file="tests\unit\core\test_sprite_renderer.py" line="217" time="0.231" /><testcase classname="tests.unit.core.test_tilemap" name="test_tile_layer_initialization" file="tests\unit\core\test_tilemap.py" line="46" time="0.223" /><testcase classname="tests.unit.core.test_tilemap" name="test_tile_layer_set_get_tile" file="tests\unit\core\test_tilemap.py" line="62" time="0.217" /><testcase classname="tests.unit.core.test_tilemap" name="test_tile_layer_clear_fill" file="tests\unit\core\test_tilemap.py" line="88" time="0.206" /><testcase classname="tests.unit.core.test_tilemap" name="test_tilemap_initialization" file="tests\unit\core\test_tilemap.py" line="109" time="0.227" /><testcase classname="tests.unit.core.test_tilemap" name="test_tilemap_layer_management" file="tests\unit\core\test_tilemap.py" line="122" time="0.216" /><testcase classname="tests.unit.core.test_tilemap" name="test_tilemap_tile_config" file="tests\unit\core\test_tilemap.py" line="150" time="0.219" /><testcase classname="tests.unit.core.test_tilemap" name="test_tilemap_animation" file="tests\unit\core\test_tilemap.py" line="167" time="0.229" /><testcase classname="tests.unit.core.test_tilemap" name="test_tilemap_parallax" file="tests\unit\core\test_tilemap.py" line="195" time="0.228" /><testcase classname="tests.unit.core.test_tilemap" name="test_tilemap_opacity" file="tests\unit\core\test_tilemap.py" line="221" time="0.222" /><testcase classname="tests.unit.core.test_tilemap" name="test_tilemap_visible_range" file="tests\unit\core\test_tilemap.py" line="241" time="0.252" /><testcase classname="tests.unit.core.test_tilemap" name="test_tilemap_width_height" file="tests\unit\core\test_tilemap.py" line="269" time="0.223" /><testcase classname="tests.unit.core.test_tilemap" name="test_tilemap_render_empty" file="tests\unit\core\test_tilemap.py" line="288" time="0.217" /><testcase classname="tests.unit.core.test_tilemap" name="test_tilemap_render_invalid_tile" file="tests\unit\core\test_tilemap.py" line="298" time="0.227" /><testcase classname="tests.unit.core.test_tilemap" name="test_tilemap_animation_update" file="tests\unit\core\test_tilemap.py" line="313" time="0.248" /><testcase classname="tests.unit.core.test_tilemap" name="test_tilemap_layer_visibility" file="tests\unit\core\test_tilemap.py" line="340" time="0.257" /><testcase classname="tests.unit.core.test_tilemap" name="test_tilemap_collision_layer" file="tests\unit\core\test_tilemap.py" line="360" time="0.215" /><testcase classname="tests.unit.core.test_tilemap" name="test_tilemap_collision_detection[rect0-expected0]" file="tests\unit\core\test_tilemap.py" line="392" time="0.210" /><testcase classname="tests.unit.core.test_tilemap" name="test_tilemap_collision_detection[rect1-expected1]" file="tests\unit\core\test_tilemap.py" line="392" time="0.224" /><testcase classname="tests.unit.core.test_tilemap" name="test_tilemap_collision_detection[rect2-expected2]" file="tests\unit\core\test_tilemap.py" line="392" time="0.205" /><testcase classname="tests.unit.core.test_tilemap" name="test_tilemap_collision_detection[rect3-expected3]" file="tests\unit\core\test_tilemap.py" line="392" time="0.213" /><testcase classname="tests.unit.core.test_window" name="test_window_initialization" file="tests\unit\core\test_window.py" line="82" time="0.220" /><testcase classname="tests.unit.core.test_window" name="test_window_scaling" file="tests\unit\core\test_window.py" line="95" time="0.210" /><testcase classname="tests.unit.core.test_window" name="test_invalid_dimensions" file="tests\unit\core\test_window.py" line="105" time="0.206" /><testcase classname="tests.unit.core.test_window" name="test_invalid_scale" file="tests\unit\core\test_window.py" line="117" time="0.218" /><testcase classname="tests.unit.core.test_window" name="test_window_clear" file="tests\unit\core\test_window.py" line="125" time="0.213" /><testcase classname="tests.unit.core.test_window" name="test_window_clear_with_color" file="tests\unit\core\test_window.py" line="135" time="0.203" /><testcase classname="tests.unit.core.test_window" name="test_set_title" file="tests\unit\core\test_window.py" line="145" time="0.202" /><testcase classname="tests.unit.core.test_window" name="test_fullscreen_initialization" file="tests\unit\core\test_window.py" line="155" time="0.226" /><testcase classname="tests.unit.core.test_window" name="test_window_present" file="tests\unit\core\test_window.py" line="169" time="0.205" /><testcase classname="tests.unit.core.test_window" name="test_cleanup" file="tests\unit\core\test_window.py" line="179" time="0.208" /><testcase classname="tests.unit.core.audio.test_audio_clip" name="test_audio_clip_initialization" file="tests\unit\core\audio\test_audio_clip.py" line="30" time="0.209" /><testcase classname="tests.unit.core.audio.test_audio_clip" name="test_audio_clip_load" file="tests\unit\core\audio\test_audio_clip.py" line="39" time="0.222" /><testcase classname="tests.unit.core.audio.test_audio_clip" name="test_audio_clip_play" file="tests\unit\core\audio\test_audio_clip.py" line="49" time="0.223" /><testcase classname="tests.unit.core.audio.test_audio_clip" name="test_audio_clip_volume" file="tests\unit\core\audio\test_audio_clip.py" line="70" time="0.222" /><testcase classname="tests.unit.core.audio.test_audio_clip" name="test_audio_clip_unload" file="tests\unit\core\audio\test_audio_clip.py" line="89" time="0.254" /><testcase classname="tests.unit.core.audio.test_audio_clip" name="test_audio_clip_error_handling" file="tests\unit\core\audio\test_audio_clip.py" line="104" time="0.456" /><testcase classname="tests.unit.core.audio.test_audio_clip" name="test_audio_clip_invalid_volume" file="tests\unit\core\audio\test_audio_clip.py" line="117" time="0.454" /><testcase classname="tests.unit.core.audio.test_audio_manager" name="test_audio_manager_initialization" file="tests\unit\core\audio\test_audio_manager.py" line="39" time="0.436" /><testcase classname="tests.unit.core.audio.test_audio_manager" name="test_load_clip" file="tests\unit\core\audio\test_audio_manager.py" line="48" time="0.310" /><testcase classname="tests.unit.core.audio.test_audio_manager" name="test_play_sound" file="tests\unit\core\audio\test_audio_manager.py" line="56" time="0.190" /><testcase classname="tests.unit.core.audio.test_audio_manager" name="test_play_music" file="tests\unit\core\audio\test_audio_manager.py" line="66" time="0.187" /><testcase classname="tests.unit.core.audio.test_audio_manager" name="test_volume_control" file="tests\unit\core\audio\test_audio_manager.py" line="76" time="0.198" /><testcase classname="tests.unit.core.audio.test_audio_manager" name="test_music_controls" file="tests\unit\core\audio\test_audio_manager.py" line="99" time="0.213" /><testcase classname="tests.unit.core.audio.test_audio_manager" name="test_channel_allocation" file="tests\unit\core\audio\test_audio_manager.py" line="114" time="0.225" /><testcase classname="tests.unit.core.audio.test_audio_manager" name="test_cleanup" file="tests\unit\core\audio\test_audio_manager.py" line="132" time="0.344" /><testcase classname="tests.unit.core.audio.test_audio_manager" name="test_stop_all" file="tests\unit\core\audio\test_audio_manager.py" line="146" time="0.206" /><testcase classname="tests.unit.core.ecs.test_components" name="test_transform_initialization" file="tests\unit\core\ecs\test_components.py" line="29" time="0.205" /><testcase classname="tests.unit.core.ecs.test_components" name="test_transform_translate" file="tests\unit\core\ecs\test_components.py" line="39" time="0.195" /><testcase classname="tests.unit.core.ecs.test_components" name="test_transform_rotate" file="tests\unit\core\ecs\test_components.py" line="48" time="0.201" /><testcase classname="tests.unit.core.ecs.test_components" name="test_transform_scale" file="tests\unit\core\ecs\test_components.py" line="60" time="0.191" /><testcase classname="tests.unit.core.ecs.test_components" name="test_transform_hierarchy" file="tests\unit\core\ecs\test_components.py" line="66" time="0.186" /><testcase classname="tests.unit.core.ecs.test_components" name="test_sprite_renderer" file="tests\unit\core\ecs\test_components.py" line="100" time="0.191" /><testcase classname="tests.unit.core.ecs.test_components" name="test_disabled_components" file="tests\unit\core\ecs\test_components.py" line="133" time="0.193" /><testcase classname="tests.unit.core.ecs.test_entity" name="test_entity_initialization" file="tests\unit\core\ecs\test_entity.py" line="20" time="0.184" /><testcase classname="tests.unit.core.ecs.test_entity" name="test_entity_auto_name" file="tests\unit\core\ecs\test_entity.py" line="30" time="0.181" /><testcase classname="tests.unit.core.ecs.test_entity" name="test_add_component" file="tests\unit\core\ecs\test_entity.py" line="36" time="0.178" /><testcase classname="tests.unit.core.ecs.test_entity" name="test_remove_component" file="tests\unit\core\ecs\test_entity.py" line="44" time="0.184" /><testcase classname="tests.unit.core.ecs.test_entity" name="test_get_component" file="tests\unit\core\ecs\test_entity.py" line="53" time="0.175" /><testcase classname="tests.unit.core.ecs.test_entity" name="test_parent_child_relationship" file="tests\unit\core\ecs\test_entity.py" line="61" time="0.182" /><testcase classname="tests.unit.core.ecs.test_entity" name="test_enable_disable" file="tests\unit\core\ecs\test_entity.py" line="88" time="0.185" /><testcase classname="tests.unit.core.ecs.test_world" name="test_world_initialization" file="tests\unit\core\ecs\test_world.py" line="18" time="0.177" /><testcase classname="tests.unit.core.ecs.test_world" name="test_create_entity" file="tests\unit\core\ecs\test_world.py" line="27" time="0.209" /><testcase classname="tests.unit.core.ecs.test_world" name="test_remove_entity" file="tests\unit\core\ecs\test_world.py" line="37" time="0.203" /><testcase classname="tests.unit.core.ecs.test_world" name="test_get_entity" file="tests\unit\core\ecs\test_world.py" line="53" time="0.211" /><testcase classname="tests.unit.core.ecs.test_world" name="test_add_system" file="tests\unit\core\ecs\test_world.py" line="65" time="0.225" /><testcase classname="tests.unit.core.ecs.test_world" name="test_get_entities_with_component" file="tests\unit\core\ecs\test_world.py" line="80" time="0.195" /><testcase classname="tests.unit.core.ecs.test_world" name="test_component_cache_invalidation" file="tests\unit\core\ecs\test_world.py" line="108" time="0.191" /><testcase classname="tests.unit.core.ecs.test_world" name="test_clear" file="tests\unit\core\ecs\test_world.py" line="128" time="0.181" /><testcase classname="tests.unit.core.ecs.test_world" name="test_parent_child_cleanup" file="tests\unit\core\ecs\test_world.py" line="145" time="0.181" /><testcase classname="tests.unit.core.ui.test_button" name="test_button_initialization" file="tests\unit\core\ui\test_button.py" line="28" time="0.194" /><testcase classname="tests.unit.core.ui.test_button" name="test_button_set_text" file="tests\unit\core\ui\test_button.py" line="36" time="0.182" /><testcase classname="tests.unit.core.ui.test_button" name="test_button_update_mouse_states" file="tests\unit\core\ui\test_button.py" line="42" time="0.173"><failure message="assert False&#10; +  where False = &lt;src.core.ui.button.Button object at 0x000002A94EF65280&gt;._hovered">button = &lt;src.core.ui.button.Button object at 0x000002A94EF65280&gt;

    def test_button_update_mouse_states(button: Button) -&gt; None:
        """Test button mouse state updates."""
        # Test hover state
        button.update(0.016)
        assert not button._hovered

        # Move mouse over button and update
        pygame.mouse.set_pos((150, 125))
        pygame.event.get()  # Process events to update mouse position
        button.update(0.016)
&gt;       assert button._hovered
E       assert False
E        +  where False = &lt;src.core.ui.button.Button object at 0x000002A94EF65280&gt;._hovered

tests\unit\core\ui\test_button.py:53: AssertionError</failure></testcase><testcase classname="tests.unit.core.ui.test_button" name="test_button_hover_state" file="tests\unit\core\ui\test_button.py" line="55" time="0.180" /><testcase classname="tests.unit.core.ui.test_button" name="test_button_click" file="tests\unit\core\ui\test_button.py" line="68" time="0.220" /><testcase classname="tests.unit.core.ui.test_button" name="test_button_click_outside" file="tests\unit\core\ui\test_button.py" line="91" time="0.184" /><testcase classname="tests.unit.core.ui.test_button" name="test_button_disabled_state" file="tests\unit\core\ui\test_button.py" line="113" time="0.171" /><testcase classname="tests.unit.core.ui.test_button" name="test_button_style_customization" file="tests\unit\core\ui\test_button.py" line="135" time="0.192" /><testcase classname="tests.unit.core.ui.test_button" name="test_button_text_update" file="tests\unit\core\ui\test_button.py" line="153" time="0.188" /><testcase classname="tests.unit.core.ui.test_button" name="test_button_rendering_square" file="tests\unit\core\ui\test_button.py" line="170" time="0.186" /><testcase classname="tests.unit.core.ui.test_button" name="test_button_rendering_rounded" file="tests\unit\core\ui\test_button.py" line="180" time="0.171" /><testcase classname="tests.unit.core.ui.test_button" name="test_button_visibility" file="tests\unit\core\ui\test_button.py" line="190" time="0.177" /><testcase classname="tests.unit.core.ui.test_button" name="test_button_text_alignment" file="tests\unit\core\ui\test_button.py" line="213" time="0.170" /><testcase classname="tests.unit.core.ui.test_text" name="test_text_initialization" file="tests\unit\core\ui\test_text.py" line="17" time="0.161" /><testcase classname="tests.unit.core.ui.test_text" name="test_text_set_text" file="tests\unit\core\ui\test_text.py" line="27" time="0.175" /><testcase classname="tests.unit.core.ui.test_text" name="test_text_animation" file="tests\unit\core\ui\test_text.py" line="35" time="0.183" /><testcase classname="tests.unit.core.ui.test_text" name="test_text_shadow" file="tests\unit\core\ui\test_text.py" line="53" time="0.178" /><testcase classname="tests.unit.core.ui.test_text" name="test_text_alignment" file="tests\unit\core\ui\test_text.py" line="80" time="0.167" /><testcase classname="tests.unit.core.ui.test_text" name="test_text_font_loading" file="tests\unit\core\ui\test_text.py" line="122" time="0.175" /><testcase classname="tests.unit.core.ui.test_text" name="test_text_surface_creation" file="tests\unit\core\ui\test_text.py" line="129" time="0.171" /><testcase classname="tests.unit.core.ui.test_ui_element" name="test_ui_element_initialization" file="tests\unit\core\ui\test_ui_element.py" line="19" time="0.174" /><testcase classname="tests.unit.core.ui.test_ui_element" name="test_ui_element_add_child" file="tests\unit\core\ui\test_ui_element.py" line="31" time="0.169" /><testcase classname="tests.unit.core.ui.test_ui_element" name="test_ui_element_remove_child" file="tests\unit\core\ui\test_ui_element.py" line="39" time="0.175" /><testcase classname="tests.unit.core.ui.test_ui_element" name="test_ui_element_visibility" file="tests\unit\core\ui\test_ui_element.py" line="52" time="0.178" /><testcase classname="tests.unit.core.ui.test_ui_element" name="test_ui_element_enabled" file="tests\unit\core\ui\test_ui_element.py" line="59" time="0.174" /><testcase classname="tests.unit.core.ui.test_ui_element" name="test_ui_element_z_index" file="tests\unit\core\ui\test_ui_element.py" line="66" time="0.175" /><testcase classname="tests.unit.core.ui.test_ui_element" name="test_ui_element_bounds_calculation" file="tests\unit\core\ui\test_ui_element.py" line="73" time="0.178" /><testcase classname="tests.unit.core.ui.test_ui_element" name="test_ui_element_contains_point" file="tests\unit\core\ui\test_ui_element.py" line="96" time="0.173" /><testcase classname="tests.unit.core.ui.test_ui_element" name="test_ui_element_anchoring" file="tests\unit\core\ui\test_ui_element.py" line="109" time="0.175" /><testcase classname="tests.unit.core.ui.test_ui_element" name="test_ui_element_event_handling" file="tests\unit\core\ui\test_ui_element.py" line="134" time="0.178" /><testcase classname="tests.unit.core.ui.test_ui_element" name="test_ui_element_update" file="tests\unit\core\ui\test_ui_element.py" line="158" time="0.211" /></testsuite></testsuites>
